>HISEQ2000:55:C0JRTACXX:2:2110:14958:84629_1:N:0:CTTGTAAT
CGGCGAGCTTGCTGTAGTTGCCCGTTCGAACTGATGCCCTGAATTCAAAGGGATTGAGACGCCACTTCAGATCAACGTGGTCGTACTGCTCCAGTTCGAACTGATGCCCTGAATTCAAAGGGATTGAGACGTGTCGTTCGCAGCGAGGGT
>HISEQ2000:55:C0JRTACXX:2:1104:18601:57327_2:N:0:CTTGTAAT
GTGCGAGTCTTTGCGACGTTCGAACTGATGCCCTGAATTCAAAGGGATTGAGACGCCACTTCAGATCAACGTGGTCGTACTGCTCCAGTTCGAACTGATGCCCTGAATTCAAAGGGATTGAGACGTGTCGTTCGCAGCGAGGGTGCGAGT
