>HISEQ2000:55:C0JRTACXX:2:1101:11128:12710_1:N:0:CTTGTAAT
CCGTTCGAACTGATGCCCTGAATTCAAAGGGATTGAGACGCCACTTCAGATCAACGTGGTCGTACTGCTCCAGTTCGAACTGATGCCCTGAATTCAAAGGGATTGAGACGTGTCGTTCGCAGCGAGGGTGCGAGTCTTTGCGACGTTCGA
>HISEQ2000:55:C0JRTACXX:2:1202:13418:80656_1:N:0:CTTGTAAT
CGGCGAGCTTGCTGTAGTTGCCCGTTCGAACTGATGCCCTGAATTCAAAGGGATTGAGACGCCACTTCAGATCAACGTGGTCGTACTGCTCCAGTTCGAACTGATGCCCTGAATTCAAAGGGATTGAGACGTGTCGTTCGCAGCGAGGGT
